// Jest Snapshot v1, https://goo.gl/fbAQLP

exports[`Form input component should match snapshot 1`] = `ShallowWrapper {}`;
