// Jest Snapshot v1, https://goo.gl/fbAQLP

exports[`should render custom button component 1`] = `ShallowWrapper {}`;
