// Jest Snapshot v1, https://goo.gl/fbAQLP

exports[`Category Preview Component should match snapshot 1`] = `ShallowWrapper {}`;
