// Jest Snapshot v1, https://goo.gl/fbAQLP

exports[`Directory Item Component should match snapshot 1`] = `ShallowWrapper {}`;
